// Jest Snapshot v1, https://goo.gl/fbAQLP

exports[`Test Home Screen It should match initial snapshot 1`] = `
<View
  style={
    Object {
      "flex": 1,
      "flexDirection": "column",
    }
  }
>
  <Text
    style={
      Object {
        "fontSize": 18,
        "textAlign": "center",
      }
    }
  >
    Welcome
  </Text>
  <Button
    onPress={[Function]}
    title="Next"
  />
</View>
`;
